    RUNNING A PROGRAM

Rawshans-MacBook-Pro:datastructures-algorithms rawshanafrin$ cd Cracking\ the\ Coding\ Interview/
Rawshans-MacBook-Pro:Cracking the Coding Interview rawshanafrin$ g++ 1-1_isUnique.cpp 
Rawshans-MacBook-Pro:Cracking the Coding Interview rawshanafrin$ ./a.out 
0
1
1
Rawshans-MacBook-Pro:Cracking the Coding Interview rawshanafrin$ 


    Upload to Github


Rawshans-MacBook-Pro:datastructures-algorithms rawshanafrin$ git status
On branch master
Your branch is up-to-date with 'origin/master'.
Untracked files:
  (use "git add <file>..." to include in what will be committed)

        Cracking the Coding Interview/
        commands.txt

nothing added to commit but untracked files present (use "git add" to track)
Rawshans-MacBook-Pro:datastructures-algorithms rawshanafrin$ git add .
Rawshans-MacBook-Pro:datastructures-algorithms rawshanafrin$ git commit -m "1-1 added"
[master f9a051d] 1-1 added
 2 files changed, 39 insertions(+)
 create mode 100644 Cracking the Coding Interview/1-1_isUnique.cpp
 create mode 100644 commands.txt
Rawshans-MacBook-Pro:datastructures-algorithms rawshanafrin$ git push origin master
Counting objects: 5, done.
Delta compression using up to 8 threads.
Compressing objects: 100% (3/3), done.
Writing objects: 100% (5/5), 758 bytes | 0 bytes/s, done.
Total 5 (delta 0), reused 0 (delta 0)
To https://github.com/saadatfaiz/datastructures-algorithms.git
   a348a96..f9a051d  master -> master




